<?xml version="1.0" encoding="UTF-8"?>
<testsuites name="jest tests" tests="4" failures="4" time="5.4">
  <testsuite name="Contacts APP" errors="0" failures="4" skipped="0" timestamp="2020-06-12T17:36:03" time="3.626" tests="4">
    <testcase classname="Contacts APP Should render Contact component" name="Contacts APP Should render Contact component" time="0.041">
      <failure>TypeError: Cannot read property &apos;map&apos; of undefined
    at Contact (C:\Users\creamynebula\codenation\react-13\src\components\Contact.jsx:6:17)
    at renderWithHooks (C:\Users\creamynebula\codenation\react-13\node_modules\react-dom\cjs\react-dom.development.js:14803:18)
    at mountIndeterminateComponent (C:\Users\creamynebula\codenation\react-13\node_modules\react-dom\cjs\react-dom.development.js:17482:13)
    at beginWork (C:\Users\creamynebula\codenation\react-13\node_modules\react-dom\cjs\react-dom.development.js:18596:16)
    at HTMLUnknownElement.callCallback (C:\Users\creamynebula\codenation\react-13\node_modules\react-dom\cjs\react-dom.development.js:188:14)
    at invokeEventListeners (C:\Users\creamynebula\codenation\react-13\node_modules\jsdom\lib\jsdom\living\events\EventTarget-impl.js:193:27)
    at HTMLUnknownElementImpl._dispatch (C:\Users\creamynebula\codenation\react-13\node_modules\jsdom\lib\jsdom\living\events\EventTarget-impl.js:119:9)
    at HTMLUnknownElementImpl.dispatchEvent (C:\Users\creamynebula\codenation\react-13\node_modules\jsdom\lib\jsdom\living\events\EventTarget-impl.js:82:17)
    at HTMLUnknownElementImpl.dispatchEvent (C:\Users\creamynebula\codenation\react-13\node_modules\jsdom\lib\jsdom\living\nodes\HTMLElement-impl.js:30:27)
    at HTMLUnknownElement.dispatchEvent (C:\Users\creamynebula\codenation\react-13\node_modules\jsdom\lib\jsdom\living\generated\EventTarget.js:157:21)
    at Object.invokeGuardedCallbackDev (C:\Users\creamynebula\codenation\react-13\node_modules\react-dom\cjs\react-dom.development.js:237:16)
    at invokeGuardedCallback (C:\Users\creamynebula\codenation\react-13\node_modules\react-dom\cjs\react-dom.development.js:292:31)
    at beginWork$1 (C:\Users\creamynebula\codenation\react-13\node_modules\react-dom\cjs\react-dom.development.js:23203:7)
    at performUnitOfWork (C:\Users\creamynebula\codenation\react-13\node_modules\react-dom\cjs\react-dom.development.js:22157:12)
    at workLoopSync (C:\Users\creamynebula\codenation\react-13\node_modules\react-dom\cjs\react-dom.development.js:22130:22)
    at performSyncWorkOnRoot (C:\Users\creamynebula\codenation\react-13\node_modules\react-dom\cjs\react-dom.development.js:21756:9)
    at scheduleUpdateOnFiber (C:\Users\creamynebula\codenation\react-13\node_modules\react-dom\cjs\react-dom.development.js:21188:7)
    at updateContainer (C:\Users\creamynebula\codenation\react-13\node_modules\react-dom\cjs\react-dom.development.js:24373:3)
    at C:\Users\creamynebula\codenation\react-13\node_modules\react-dom\cjs\react-dom.development.js:24758:7
    at unbatchedUpdates (C:\Users\creamynebula\codenation\react-13\node_modules\react-dom\cjs\react-dom.development.js:21903:12)
    at legacyRenderSubtreeIntoContainer (C:\Users\creamynebula\codenation\react-13\node_modules\react-dom\cjs\react-dom.development.js:24757:5)
    at Object.render (C:\Users\creamynebula\codenation\react-13\node_modules\react-dom\cjs\react-dom.development.js:24840:10)
    at C:\Users\creamynebula\codenation\react-13\node_modules\@testing-library\react\dist\pure.js:86:25
    at batchedUpdates$1 (C:\Users\creamynebula\codenation\react-13\node_modules\react-dom\cjs\react-dom.development.js:21856:12)
    at act (C:\Users\creamynebula\codenation\react-13\node_modules\react-dom\cjs\react-dom-test-utils.development.js:929:14)
    at render (C:\Users\creamynebula\codenation\react-13\node_modules\@testing-library\react\dist\pure.js:82:26)
    at Object.&lt;anonymous&gt; (C:\Users\creamynebula\codenation\react-13\src\__tests__\submit.test.js:21:27)
    at Object.asyncJestTest (C:\Users\creamynebula\codenation\react-13\node_modules\jest-jasmine2\build\jasmineAsyncInstall.js:102:37)
    at C:\Users\creamynebula\codenation\react-13\node_modules\jest-jasmine2\build\queueRunner.js:43:12
    at new Promise (&lt;anonymous&gt;)
    at mapper (C:\Users\creamynebula\codenation\react-13\node_modules\jest-jasmine2\build\queueRunner.js:26:19)
    at C:\Users\creamynebula\codenation\react-13\node_modules\jest-jasmine2\build\queueRunner.js:73:41
    at processTicksAndRejections (internal/process/task_queues.js:97:5)</failure>
    </testcase>
    <testcase classname="Contacts APP Should render Contacts component" name="Contacts APP Should render Contacts component" time="0.007">
      <failure>Error: Element type is invalid: expected a string (for built-in components) or a class/function (for composite components) but got: undefined. You likely forgot to export your component from the file it&apos;s defined in, or you might have mixed up default and named imports.
    at createFiberFromTypeAndProps (C:\Users\creamynebula\codenation\react-13\node_modules\react-dom\cjs\react-dom.development.js:23965:21)
    at createFiberFromElement (C:\Users\creamynebula\codenation\react-13\node_modules\react-dom\cjs\react-dom.development.js:23988:15)
    at reconcileSingleElement (C:\Users\creamynebula\codenation\react-13\node_modules\react-dom\cjs\react-dom.development.js:14233:23)
    at reconcileChildFibers (C:\Users\creamynebula\codenation\react-13\node_modules\react-dom\cjs\react-dom.development.js:14293:35)
    at reconcileChildren (C:\Users\creamynebula\codenation\react-13\node_modules\react-dom\cjs\react-dom.development.js:16769:28)
    at updateHostRoot (C:\Users\creamynebula\codenation\react-13\node_modules\react-dom\cjs\react-dom.development.js:17258:5)
    at beginWork (C:\Users\creamynebula\codenation\react-13\node_modules\react-dom\cjs\react-dom.development.js:18624:14)
    at HTMLUnknownElement.callCallback (C:\Users\creamynebula\codenation\react-13\node_modules\react-dom\cjs\react-dom.development.js:188:14)
    at invokeEventListeners (C:\Users\creamynebula\codenation\react-13\node_modules\jsdom\lib\jsdom\living\events\EventTarget-impl.js:193:27)
    at HTMLUnknownElementImpl._dispatch (C:\Users\creamynebula\codenation\react-13\node_modules\jsdom\lib\jsdom\living\events\EventTarget-impl.js:119:9)
    at HTMLUnknownElementImpl.dispatchEvent (C:\Users\creamynebula\codenation\react-13\node_modules\jsdom\lib\jsdom\living\events\EventTarget-impl.js:82:17)
    at HTMLUnknownElementImpl.dispatchEvent (C:\Users\creamynebula\codenation\react-13\node_modules\jsdom\lib\jsdom\living\nodes\HTMLElement-impl.js:30:27)
    at HTMLUnknownElement.dispatchEvent (C:\Users\creamynebula\codenation\react-13\node_modules\jsdom\lib\jsdom\living\generated\EventTarget.js:157:21)
    at Object.invokeGuardedCallbackDev (C:\Users\creamynebula\codenation\react-13\node_modules\react-dom\cjs\react-dom.development.js:237:16)
    at invokeGuardedCallback (C:\Users\creamynebula\codenation\react-13\node_modules\react-dom\cjs\react-dom.development.js:292:31)
    at beginWork$1 (C:\Users\creamynebula\codenation\react-13\node_modules\react-dom\cjs\react-dom.development.js:23203:7)
    at performUnitOfWork (C:\Users\creamynebula\codenation\react-13\node_modules\react-dom\cjs\react-dom.development.js:22157:12)
    at workLoopSync (C:\Users\creamynebula\codenation\react-13\node_modules\react-dom\cjs\react-dom.development.js:22130:22)
    at performSyncWorkOnRoot (C:\Users\creamynebula\codenation\react-13\node_modules\react-dom\cjs\react-dom.development.js:21756:9)
    at scheduleUpdateOnFiber (C:\Users\creamynebula\codenation\react-13\node_modules\react-dom\cjs\react-dom.development.js:21188:7)
    at updateContainer (C:\Users\creamynebula\codenation\react-13\node_modules\react-dom\cjs\react-dom.development.js:24373:3)
    at C:\Users\creamynebula\codenation\react-13\node_modules\react-dom\cjs\react-dom.development.js:24758:7
    at unbatchedUpdates (C:\Users\creamynebula\codenation\react-13\node_modules\react-dom\cjs\react-dom.development.js:21903:12)
    at legacyRenderSubtreeIntoContainer (C:\Users\creamynebula\codenation\react-13\node_modules\react-dom\cjs\react-dom.development.js:24757:5)
    at Object.render (C:\Users\creamynebula\codenation\react-13\node_modules\react-dom\cjs\react-dom.development.js:24840:10)
    at C:\Users\creamynebula\codenation\react-13\node_modules\@testing-library\react\dist\pure.js:86:25
    at batchedUpdates$1 (C:\Users\creamynebula\codenation\react-13\node_modules\react-dom\cjs\react-dom.development.js:21856:12)
    at act (C:\Users\creamynebula\codenation\react-13\node_modules\react-dom\cjs\react-dom-test-utils.development.js:929:14)
    at render (C:\Users\creamynebula\codenation\react-13\node_modules\@testing-library\react\dist\pure.js:82:26)
    at Object.&lt;anonymous&gt; (C:\Users\creamynebula\codenation\react-13\src\__tests__\submit.test.js:29:27)
    at Object.asyncJestTest (C:\Users\creamynebula\codenation\react-13\node_modules\jest-jasmine2\build\jasmineAsyncInstall.js:102:37)
    at C:\Users\creamynebula\codenation\react-13\node_modules\jest-jasmine2\build\queueRunner.js:43:12
    at new Promise (&lt;anonymous&gt;)
    at mapper (C:\Users\creamynebula\codenation\react-13\node_modules\jest-jasmine2\build\queueRunner.js:26:19)
    at C:\Users\creamynebula\codenation\react-13\node_modules\jest-jasmine2\build\queueRunner.js:73:41</failure>
    </testcase>
    <testcase classname="Contacts APP Should render Filters component" name="Contacts APP Should render Filters component" time="0.003">
      <failure>Error: Element type is invalid: expected a string (for built-in components) or a class/function (for composite components) but got: undefined. You likely forgot to export your component from the file it&apos;s defined in, or you might have mixed up default and named imports.
    at createFiberFromTypeAndProps (C:\Users\creamynebula\codenation\react-13\node_modules\react-dom\cjs\react-dom.development.js:23965:21)
    at createFiberFromElement (C:\Users\creamynebula\codenation\react-13\node_modules\react-dom\cjs\react-dom.development.js:23988:15)
    at reconcileSingleElement (C:\Users\creamynebula\codenation\react-13\node_modules\react-dom\cjs\react-dom.development.js:14233:23)
    at reconcileChildFibers (C:\Users\creamynebula\codenation\react-13\node_modules\react-dom\cjs\react-dom.development.js:14293:35)
    at reconcileChildren (C:\Users\creamynebula\codenation\react-13\node_modules\react-dom\cjs\react-dom.development.js:16769:28)
    at updateHostRoot (C:\Users\creamynebula\codenation\react-13\node_modules\react-dom\cjs\react-dom.development.js:17258:5)
    at beginWork (C:\Users\creamynebula\codenation\react-13\node_modules\react-dom\cjs\react-dom.development.js:18624:14)
    at HTMLUnknownElement.callCallback (C:\Users\creamynebula\codenation\react-13\node_modules\react-dom\cjs\react-dom.development.js:188:14)
    at invokeEventListeners (C:\Users\creamynebula\codenation\react-13\node_modules\jsdom\lib\jsdom\living\events\EventTarget-impl.js:193:27)
    at HTMLUnknownElementImpl._dispatch (C:\Users\creamynebula\codenation\react-13\node_modules\jsdom\lib\jsdom\living\events\EventTarget-impl.js:119:9)
    at HTMLUnknownElementImpl.dispatchEvent (C:\Users\creamynebula\codenation\react-13\node_modules\jsdom\lib\jsdom\living\events\EventTarget-impl.js:82:17)
    at HTMLUnknownElementImpl.dispatchEvent (C:\Users\creamynebula\codenation\react-13\node_modules\jsdom\lib\jsdom\living\nodes\HTMLElement-impl.js:30:27)
    at HTMLUnknownElement.dispatchEvent (C:\Users\creamynebula\codenation\react-13\node_modules\jsdom\lib\jsdom\living\generated\EventTarget.js:157:21)
    at Object.invokeGuardedCallbackDev (C:\Users\creamynebula\codenation\react-13\node_modules\react-dom\cjs\react-dom.development.js:237:16)
    at invokeGuardedCallback (C:\Users\creamynebula\codenation\react-13\node_modules\react-dom\cjs\react-dom.development.js:292:31)
    at beginWork$1 (C:\Users\creamynebula\codenation\react-13\node_modules\react-dom\cjs\react-dom.development.js:23203:7)
    at performUnitOfWork (C:\Users\creamynebula\codenation\react-13\node_modules\react-dom\cjs\react-dom.development.js:22157:12)
    at workLoopSync (C:\Users\creamynebula\codenation\react-13\node_modules\react-dom\cjs\react-dom.development.js:22130:22)
    at performSyncWorkOnRoot (C:\Users\creamynebula\codenation\react-13\node_modules\react-dom\cjs\react-dom.development.js:21756:9)
    at scheduleUpdateOnFiber (C:\Users\creamynebula\codenation\react-13\node_modules\react-dom\cjs\react-dom.development.js:21188:7)
    at updateContainer (C:\Users\creamynebula\codenation\react-13\node_modules\react-dom\cjs\react-dom.development.js:24373:3)
    at C:\Users\creamynebula\codenation\react-13\node_modules\react-dom\cjs\react-dom.development.js:24758:7
    at unbatchedUpdates (C:\Users\creamynebula\codenation\react-13\node_modules\react-dom\cjs\react-dom.development.js:21903:12)
    at legacyRenderSubtreeIntoContainer (C:\Users\creamynebula\codenation\react-13\node_modules\react-dom\cjs\react-dom.development.js:24757:5)
    at Object.render (C:\Users\creamynebula\codenation\react-13\node_modules\react-dom\cjs\react-dom.development.js:24840:10)
    at C:\Users\creamynebula\codenation\react-13\node_modules\@testing-library\react\dist\pure.js:86:25
    at batchedUpdates$1 (C:\Users\creamynebula\codenation\react-13\node_modules\react-dom\cjs\react-dom.development.js:21856:12)
    at act (C:\Users\creamynebula\codenation\react-13\node_modules\react-dom\cjs\react-dom-test-utils.development.js:929:14)
    at render (C:\Users\creamynebula\codenation\react-13\node_modules\@testing-library\react\dist\pure.js:82:26)
    at Object.&lt;anonymous&gt; (C:\Users\creamynebula\codenation\react-13\src\__tests__\submit.test.js:37:27)
    at Object.asyncJestTest (C:\Users\creamynebula\codenation\react-13\node_modules\jest-jasmine2\build\jasmineAsyncInstall.js:102:37)
    at C:\Users\creamynebula\codenation\react-13\node_modules\jest-jasmine2\build\queueRunner.js:43:12
    at new Promise (&lt;anonymous&gt;)
    at mapper (C:\Users\creamynebula\codenation\react-13\node_modules\jest-jasmine2\build\queueRunner.js:26:19)
    at C:\Users\creamynebula\codenation\react-13\node_modules\jest-jasmine2\build\queueRunner.js:73:41</failure>
    </testcase>
    <testcase classname="Contacts APP Should render Topbar component" name="Contacts APP Should render Topbar component" time="0.003">
      <failure>Error: Element type is invalid: expected a string (for built-in components) or a class/function (for composite components) but got: undefined. You likely forgot to export your component from the file it&apos;s defined in, or you might have mixed up default and named imports.
    at createFiberFromTypeAndProps (C:\Users\creamynebula\codenation\react-13\node_modules\react-dom\cjs\react-dom.development.js:23965:21)
    at createFiberFromElement (C:\Users\creamynebula\codenation\react-13\node_modules\react-dom\cjs\react-dom.development.js:23988:15)
    at reconcileSingleElement (C:\Users\creamynebula\codenation\react-13\node_modules\react-dom\cjs\react-dom.development.js:14233:23)
    at reconcileChildFibers (C:\Users\creamynebula\codenation\react-13\node_modules\react-dom\cjs\react-dom.development.js:14293:35)
    at reconcileChildren (C:\Users\creamynebula\codenation\react-13\node_modules\react-dom\cjs\react-dom.development.js:16769:28)
    at updateHostRoot (C:\Users\creamynebula\codenation\react-13\node_modules\react-dom\cjs\react-dom.development.js:17258:5)
    at beginWork (C:\Users\creamynebula\codenation\react-13\node_modules\react-dom\cjs\react-dom.development.js:18624:14)
    at HTMLUnknownElement.callCallback (C:\Users\creamynebula\codenation\react-13\node_modules\react-dom\cjs\react-dom.development.js:188:14)
    at invokeEventListeners (C:\Users\creamynebula\codenation\react-13\node_modules\jsdom\lib\jsdom\living\events\EventTarget-impl.js:193:27)
    at HTMLUnknownElementImpl._dispatch (C:\Users\creamynebula\codenation\react-13\node_modules\jsdom\lib\jsdom\living\events\EventTarget-impl.js:119:9)
    at HTMLUnknownElementImpl.dispatchEvent (C:\Users\creamynebula\codenation\react-13\node_modules\jsdom\lib\jsdom\living\events\EventTarget-impl.js:82:17)
    at HTMLUnknownElementImpl.dispatchEvent (C:\Users\creamynebula\codenation\react-13\node_modules\jsdom\lib\jsdom\living\nodes\HTMLElement-impl.js:30:27)
    at HTMLUnknownElement.dispatchEvent (C:\Users\creamynebula\codenation\react-13\node_modules\jsdom\lib\jsdom\living\generated\EventTarget.js:157:21)
    at Object.invokeGuardedCallbackDev (C:\Users\creamynebula\codenation\react-13\node_modules\react-dom\cjs\react-dom.development.js:237:16)
    at invokeGuardedCallback (C:\Users\creamynebula\codenation\react-13\node_modules\react-dom\cjs\react-dom.development.js:292:31)
    at beginWork$1 (C:\Users\creamynebula\codenation\react-13\node_modules\react-dom\cjs\react-dom.development.js:23203:7)
    at performUnitOfWork (C:\Users\creamynebula\codenation\react-13\node_modules\react-dom\cjs\react-dom.development.js:22157:12)
    at workLoopSync (C:\Users\creamynebula\codenation\react-13\node_modules\react-dom\cjs\react-dom.development.js:22130:22)
    at performSyncWorkOnRoot (C:\Users\creamynebula\codenation\react-13\node_modules\react-dom\cjs\react-dom.development.js:21756:9)
    at scheduleUpdateOnFiber (C:\Users\creamynebula\codenation\react-13\node_modules\react-dom\cjs\react-dom.development.js:21188:7)
    at updateContainer (C:\Users\creamynebula\codenation\react-13\node_modules\react-dom\cjs\react-dom.development.js:24373:3)
    at C:\Users\creamynebula\codenation\react-13\node_modules\react-dom\cjs\react-dom.development.js:24758:7
    at unbatchedUpdates (C:\Users\creamynebula\codenation\react-13\node_modules\react-dom\cjs\react-dom.development.js:21903:12)
    at legacyRenderSubtreeIntoContainer (C:\Users\creamynebula\codenation\react-13\node_modules\react-dom\cjs\react-dom.development.js:24757:5)
    at Object.render (C:\Users\creamynebula\codenation\react-13\node_modules\react-dom\cjs\react-dom.development.js:24840:10)
    at C:\Users\creamynebula\codenation\react-13\node_modules\@testing-library\react\dist\pure.js:86:25
    at batchedUpdates$1 (C:\Users\creamynebula\codenation\react-13\node_modules\react-dom\cjs\react-dom.development.js:21856:12)
    at act (C:\Users\creamynebula\codenation\react-13\node_modules\react-dom\cjs\react-dom-test-utils.development.js:929:14)
    at render (C:\Users\creamynebula\codenation\react-13\node_modules\@testing-library\react\dist\pure.js:82:26)
    at Object.&lt;anonymous&gt; (C:\Users\creamynebula\codenation\react-13\src\__tests__\submit.test.js:45:27)
    at Object.asyncJestTest (C:\Users\creamynebula\codenation\react-13\node_modules\jest-jasmine2\build\jasmineAsyncInstall.js:102:37)
    at C:\Users\creamynebula\codenation\react-13\node_modules\jest-jasmine2\build\queueRunner.js:43:12
    at new Promise (&lt;anonymous&gt;)
    at mapper (C:\Users\creamynebula\codenation\react-13\node_modules\jest-jasmine2\build\queueRunner.js:26:19)
    at C:\Users\creamynebula\codenation\react-13\node_modules\jest-jasmine2\build\queueRunner.js:73:41</failure>
    </testcase>
  </testsuite>
</testsuites>